// Jest Snapshot v1, https://goo.gl/fbAQLP

exports[`SelectedChips rendering renders with props 1`] = `
<div
  className="selected-chips"
>
  <SelectedChip
    categoryName="Hosts"
    selected={
      Array [
        "host1",
        "host2",
        "host3",
      ]
    }
    setSelected={[MockFunction]}
  />
  <SelectedChip
    categoryName="Host collections"
    selected={Array []}
    setSelected={[MockFunction]}
  />
  <SelectedChip
    categoryName="Host groups"
    selected={Array []}
    setSelected={[MockFunction]}
  />
  <Button
    variant="link"
  >
    Clear filters
  </Button>
</div>
`;
